// Jest Snapshot v1, https://goo.gl/fbAQLP

exports[`listUserDrawings 1`] = `
Object {
  "items": Array [],
  "nextStartKey": undefined,
}
`;

exports[`listUserDrawings 2`] = `
Object {
  "Count": 9,
  "Items": Array [
    Object {
      "_ct": "2020-06-29T00:00:00.000Z",
      "_et": "drawing",
      "_md": "2020-06-29T00:00:00.000Z",
      "dsu": "mockDrawStepsUrl",
      "et": "mockEndTime",
      "gsi2pk": "gsi2pkDrawing#1234123412341234",
      "gsi2sk": "gsi2skDrawing#private#2020-06-29T00:00:00.000Z",
      "he": 1000,
      "pk": "drawing#mockId2Private",
      "r": 2,
      "sk": "drawing#mockId2Private",
      "st": "mockStartTime",
      "t": "mockTitle",
      "tu": "mockThumbnailUrl",
      "u": "1234123412341234",
      "wi": 1000,
    },
    Object {
      "_ct": "2020-06-29T00:00:00.000Z",
      "_et": "drawing",
      "_md": "2020-06-29T00:00:00.000Z",
      "dsu": "mockDrawStepsUrl",
      "et": "mockEndTime",
      "gsi2pk": "gsi2pkDrawing#1234123412341234",
      "gsi2sk": "gsi2skDrawing#private#2020-06-29T00:00:00.000Z",
      "he": 1000,
      "pk": "drawing#mockId3Private",
      "r": 2,
      "sk": "drawing#mockId3Private",
      "st": "mockStartTime",
      "t": "mockTitle",
      "tu": "mockThumbnailUrl",
      "u": "1234123412341234",
      "wi": 1000,
    },
    Object {
      "_ct": "2020-06-29T00:00:00.000Z",
      "_et": "drawing",
      "_md": "2020-06-29T00:00:00.000Z",
      "dsu": "mockDrawStepsUrl",
      "et": "mockEndTime",
      "gsi2pk": "gsi2pkDrawing#1234123412341234",
      "gsi2sk": "gsi2skDrawing#private#2020-06-29T00:00:00.000Z",
      "he": 1000,
      "pk": "drawing#mockId1Private",
      "r": 2,
      "sk": "drawing#mockId1Private",
      "st": "mockStartTime",
      "t": "mockTitle",
      "tu": "mockThumbnailUrl",
      "u": "1234123412341234",
      "wi": 1000,
    },
    Object {
      "_ct": "2020-06-29T00:00:00.000Z",
      "_et": "drawing",
      "_md": "2020-06-29T00:00:00.000Z",
      "dsu": "mockDrawStepsUrl",
      "et": "mockEndTime",
      "gsi2pk": "gsi2pkDrawing#1234123412341234",
      "gsi2sk": "gsi2skDrawing#private#2020-06-29T00:00:00.000Z",
      "he": 1000,
      "pk": "drawing#mockId0Private",
      "r": 2,
      "sk": "drawing#mockId0Private",
      "st": "mockStartTime",
      "t": "mockTitle",
      "tu": "mockThumbnailUrl",
      "u": "1234123412341234",
      "wi": 1000,
    },
    Object {
      "_ct": "2020-06-29T00:00:00.000Z",
      "_et": "drawing",
      "_md": "2020-06-29T00:00:00.000Z",
      "dsu": "mockDrawStepsUrl",
      "et": "mockEndTime",
      "gsi1pk": "gsi1pkDrawing#2020-06",
      "gsi1sk": "gsi1skDrawing#2020-06-29T00:00:00.000Z",
      "gsi2pk": "gsi2pkDrawing#1234123412341234",
      "gsi2sk": "gsi2skDrawing#public#2020-06-29T00:00:00.000Z",
      "he": 1000,
      "p": "2020-06-29T00:00:00.000Z",
      "pk": "drawing#mockId0Public",
      "r": 2,
      "sk": "drawing#mockId0Public",
      "st": "mockStartTime",
      "t": "mockTitle",
      "tu": "mockThumbnailUrl",
      "u": "1234123412341234",
      "wi": 1000,
    },
    Object {
      "_ct": "2020-06-29T00:00:00.000Z",
      "_et": "drawing",
      "_md": "2020-06-29T00:00:00.000Z",
      "dsu": "mockDrawStepsUrl",
      "et": "mockEndTime",
      "gsi1pk": "gsi1pkDrawing#2020-06",
      "gsi1sk": "gsi1skDrawing#2020-06-29T00:00:00.000Z",
      "gsi2pk": "gsi2pkDrawing#1234123412341234",
      "gsi2sk": "gsi2skDrawing#public#2020-06-29T00:00:00.000Z",
      "he": 1000,
      "p": "2020-06-29T00:00:00.000Z",
      "pk": "drawing#mockId3Public",
      "r": 2,
      "sk": "drawing#mockId3Public",
      "st": "mockStartTime",
      "t": "mockTitle",
      "tu": "mockThumbnailUrl",
      "u": "1234123412341234",
      "wi": 1000,
    },
    Object {
      "_ct": "2020-06-29T00:00:00.000Z",
      "_et": "drawing",
      "_md": "2020-06-29T00:00:00.000Z",
      "dsu": "mockDrawStepsUrl",
      "et": "mockEndTime",
      "gsi1pk": "gsi1pkDrawing#2020-06",
      "gsi1sk": "gsi1skDrawing#2020-06-29T00:00:00.000Z",
      "gsi2pk": "gsi2pkDrawing#1234123412341234",
      "gsi2sk": "gsi2skDrawing#public#2020-06-29T00:00:00.000Z",
      "he": 1000,
      "p": "2020-06-29T00:00:00.000Z",
      "pk": "drawing#mockId1Public",
      "r": 2,
      "sk": "drawing#mockId1Public",
      "st": "mockStartTime",
      "t": "mockTitle",
      "tu": "mockThumbnailUrl",
      "u": "1234123412341234",
      "wi": 1000,
    },
    Object {
      "_ct": "2020-06-29T00:00:00.000Z",
      "_et": "user",
      "_md": "2020-06-29T00:00:00.000Z",
      "dc": 0,
      "n": "mock user name",
      "pdc": 0,
      "pk": "user#1234123412341234",
      "sk": "user#1234123412341234",
    },
    Object {
      "_ct": "2020-06-29T00:00:00.000Z",
      "_et": "drawing",
      "_md": "2020-06-29T00:00:00.000Z",
      "dsu": "mockDrawStepsUrl",
      "et": "mockEndTime",
      "gsi1pk": "gsi1pkDrawing#2020-06",
      "gsi1sk": "gsi1skDrawing#2020-06-29T00:00:00.000Z",
      "gsi2pk": "gsi2pkDrawing#1234123412341234",
      "gsi2sk": "gsi2skDrawing#public#2020-06-29T00:00:00.000Z",
      "he": 1000,
      "p": "2020-06-29T00:00:00.000Z",
      "pk": "drawing#mockId2Public",
      "r": 2,
      "sk": "drawing#mockId2Public",
      "st": "mockStartTime",
      "t": "mockTitle",
      "tu": "mockThumbnailUrl",
      "u": "1234123412341234",
      "wi": 1000,
    },
  ],
  "ScannedCount": 9,
}
`;
