// Jest Snapshot v1, https://goo.gl/fbAQLP

exports[`listPublicDrawings 1`] = `
Object {
  "items": Array [
    Object {
      "created": "2020-10-31T09:00:00.000Z",
      "drawStepsUrl": "mockDrawStepsUrl",
      "endTime": "mockEndTime",
      "entity": "drawing",
      "height": 1000,
      "id": "9",
      "modified": "2020-10-31T09:00:00.000Z",
      "published": "2020-10-31T09:00:00.000Z",
      "resolution": 2,
      "startTime": "mockStartTime",
      "thumbnailUrl": "mockThumbnailUrl",
      "title": "mockTitle",
      "user": "2",
      "width": 1000,
    },
    Object {
      "created": "2020-10-31T08:00:00.000Z",
      "drawStepsUrl": "mockDrawStepsUrl",
      "endTime": "mockEndTime",
      "entity": "drawing",
      "height": 1000,
      "id": "8",
      "modified": "2020-10-31T08:00:00.000Z",
      "published": "2020-10-31T08:00:00.000Z",
      "resolution": 2,
      "startTime": "mockStartTime",
      "thumbnailUrl": "mockThumbnailUrl",
      "title": "mockTitle",
      "user": "1",
      "width": 1000,
    },
    Object {
      "created": "2020-10-31T07:00:00.000Z",
      "drawStepsUrl": "mockDrawStepsUrl",
      "endTime": "mockEndTime",
      "entity": "drawing",
      "height": 1000,
      "id": "7",
      "modified": "2020-10-31T07:00:00.000Z",
      "published": "2020-10-31T07:00:00.000Z",
      "resolution": 2,
      "startTime": "mockStartTime",
      "thumbnailUrl": "mockThumbnailUrl",
      "title": "mockTitle",
      "user": "2",
      "width": 1000,
    },
    Object {
      "created": "2020-10-31T06:00:00.000Z",
      "drawStepsUrl": "mockDrawStepsUrl",
      "endTime": "mockEndTime",
      "entity": "drawing",
      "height": 1000,
      "id": "6",
      "modified": "2020-10-31T06:00:00.000Z",
      "published": "2020-10-31T06:00:00.000Z",
      "resolution": 2,
      "startTime": "mockStartTime",
      "thumbnailUrl": "mockThumbnailUrl",
      "title": "mockTitle",
      "user": "1",
      "width": 1000,
    },
    Object {
      "created": "2020-10-31T05:00:00.000Z",
      "drawStepsUrl": "mockDrawStepsUrl",
      "endTime": "mockEndTime",
      "entity": "drawing",
      "height": 1000,
      "id": "5",
      "modified": "2020-10-31T05:00:00.000Z",
      "published": "2020-10-31T05:00:00.000Z",
      "resolution": 2,
      "startTime": "mockStartTime",
      "thumbnailUrl": "mockThumbnailUrl",
      "title": "mockTitle",
      "user": "2",
      "width": 1000,
    },
    Object {
      "created": "2020-10-31T04:00:00.000Z",
      "drawStepsUrl": "mockDrawStepsUrl",
      "endTime": "mockEndTime",
      "entity": "drawing",
      "height": 1000,
      "id": "4",
      "modified": "2020-10-31T04:00:00.000Z",
      "published": "2020-10-31T04:00:00.000Z",
      "resolution": 2,
      "startTime": "mockStartTime",
      "thumbnailUrl": "mockThumbnailUrl",
      "title": "mockTitle",
      "user": "1",
      "width": 1000,
    },
    Object {
      "created": "2020-10-31T03:00:00.000Z",
      "drawStepsUrl": "mockDrawStepsUrl",
      "endTime": "mockEndTime",
      "entity": "drawing",
      "height": 1000,
      "id": "3",
      "modified": "2020-10-31T03:00:00.000Z",
      "published": "2020-10-31T03:00:00.000Z",
      "resolution": 2,
      "startTime": "mockStartTime",
      "thumbnailUrl": "mockThumbnailUrl",
      "title": "mockTitle",
      "user": "2",
      "width": 1000,
    },
    Object {
      "created": "2020-10-31T02:00:00.000Z",
      "drawStepsUrl": "mockDrawStepsUrl",
      "endTime": "mockEndTime",
      "entity": "drawing",
      "height": 1000,
      "id": "2",
      "modified": "2020-10-31T02:00:00.000Z",
      "published": "2020-10-31T02:00:00.000Z",
      "resolution": 2,
      "startTime": "mockStartTime",
      "thumbnailUrl": "mockThumbnailUrl",
      "title": "mockTitle",
      "user": "1",
      "width": 1000,
    },
    Object {
      "created": "2020-10-31T01:00:00.000Z",
      "drawStepsUrl": "mockDrawStepsUrl",
      "endTime": "mockEndTime",
      "entity": "drawing",
      "height": 1000,
      "id": "1",
      "modified": "2020-10-31T01:00:00.000Z",
      "published": "2020-10-31T01:00:00.000Z",
      "resolution": 2,
      "startTime": "mockStartTime",
      "thumbnailUrl": "mockThumbnailUrl",
      "title": "mockTitle",
      "user": "2",
      "width": 1000,
    },
    Object {
      "created": "2020-10-31T00:00:00.000Z",
      "drawStepsUrl": "mockDrawStepsUrl",
      "endTime": "mockEndTime",
      "entity": "drawing",
      "height": 1000,
      "id": "0",
      "modified": "2020-10-31T00:00:00.000Z",
      "published": "2020-10-31T00:00:00.000Z",
      "resolution": 2,
      "startTime": "mockStartTime",
      "thumbnailUrl": "mockThumbnailUrl",
      "title": "mockTitle",
      "user": "1",
      "width": 1000,
    },
  ],
  "lastEvaluatedKey": undefined,
}
`;

exports[`listPublicDrawings 2`] = `
Object {
  "Count": 12,
  "Items": Array [
    Object {
      "_ct": "2020-10-31T00:00:00.000Z",
      "_et": "drawing",
      "_md": "2020-10-31T00:00:00.000Z",
      "d": "mockTitle",
      "dsu": "mockDrawStepsUrl",
      "et": "mockEndTime",
      "gsi1pk": "gsi1pkDrawing#2020-10",
      "gsi1sk": "gsi1skDrawing#2020-10-31T00:00:00.000Z",
      "gsi2pk": "gsi2pkDrawing#1",
      "gsi2sk": "gsi2skDrawing#public#2020-10-31T00:00:00.000Z",
      "he": 1000,
      "p": "2020-10-31T00:00:00.000Z",
      "pk": "drawing#0",
      "r": 2,
      "sk": "drawing#0",
      "st": "mockStartTime",
      "tu": "mockThumbnailUrl",
      "u": "1",
      "wi": 1000,
    },
    Object {
      "_ct": "2020-10-31T08:00:00.000Z",
      "_et": "drawing",
      "_md": "2020-10-31T08:00:00.000Z",
      "d": "mockTitle",
      "dsu": "mockDrawStepsUrl",
      "et": "mockEndTime",
      "gsi1pk": "gsi1pkDrawing#2020-10",
      "gsi1sk": "gsi1skDrawing#2020-10-31T08:00:00.000Z",
      "gsi2pk": "gsi2pkDrawing#1",
      "gsi2sk": "gsi2skDrawing#public#2020-10-31T08:00:00.000Z",
      "he": 1000,
      "p": "2020-10-31T08:00:00.000Z",
      "pk": "drawing#8",
      "r": 2,
      "sk": "drawing#8",
      "st": "mockStartTime",
      "tu": "mockThumbnailUrl",
      "u": "1",
      "wi": 1000,
    },
    Object {
      "_ct": "2020-10-31T02:00:00.000Z",
      "_et": "drawing",
      "_md": "2020-10-31T02:00:00.000Z",
      "d": "mockTitle",
      "dsu": "mockDrawStepsUrl",
      "et": "mockEndTime",
      "gsi1pk": "gsi1pkDrawing#2020-10",
      "gsi1sk": "gsi1skDrawing#2020-10-31T02:00:00.000Z",
      "gsi2pk": "gsi2pkDrawing#1",
      "gsi2sk": "gsi2skDrawing#public#2020-10-31T02:00:00.000Z",
      "he": 1000,
      "p": "2020-10-31T02:00:00.000Z",
      "pk": "drawing#2",
      "r": 2,
      "sk": "drawing#2",
      "st": "mockStartTime",
      "tu": "mockThumbnailUrl",
      "u": "1",
      "wi": 1000,
    },
    Object {
      "_ct": "2020-10-31T05:00:00.000Z",
      "_et": "drawing",
      "_md": "2020-10-31T05:00:00.000Z",
      "d": "mockTitle",
      "dsu": "mockDrawStepsUrl",
      "et": "mockEndTime",
      "gsi1pk": "gsi1pkDrawing#2020-10",
      "gsi1sk": "gsi1skDrawing#2020-10-31T05:00:00.000Z",
      "gsi2pk": "gsi2pkDrawing#2",
      "gsi2sk": "gsi2skDrawing#public#2020-10-31T05:00:00.000Z",
      "he": 1000,
      "p": "2020-10-31T05:00:00.000Z",
      "pk": "drawing#5",
      "r": 2,
      "sk": "drawing#5",
      "st": "mockStartTime",
      "tu": "mockThumbnailUrl",
      "u": "2",
      "wi": 1000,
    },
    Object {
      "_ct": "2020-10-31T09:00:00.000Z",
      "_et": "drawing",
      "_md": "2020-10-31T09:00:00.000Z",
      "d": "mockTitle",
      "dsu": "mockDrawStepsUrl",
      "et": "mockEndTime",
      "gsi1pk": "gsi1pkDrawing#2020-10",
      "gsi1sk": "gsi1skDrawing#2020-10-31T09:00:00.000Z",
      "gsi2pk": "gsi2pkDrawing#2",
      "gsi2sk": "gsi2skDrawing#public#2020-10-31T09:00:00.000Z",
      "he": 1000,
      "p": "2020-10-31T09:00:00.000Z",
      "pk": "drawing#9",
      "r": 2,
      "sk": "drawing#9",
      "st": "mockStartTime",
      "tu": "mockThumbnailUrl",
      "u": "2",
      "wi": 1000,
    },
    Object {
      "_ct": "2020-11-10T00:00:00.000Z",
      "_et": "user",
      "_md": "2020-11-10T00:00:00.000Z",
      "dc": 0,
      "n": "mock user name 2",
      "pdc": 0,
      "pk": "user#2",
      "sk": "user#2",
    },
    Object {
      "_ct": "2020-10-31T04:00:00.000Z",
      "_et": "drawing",
      "_md": "2020-10-31T04:00:00.000Z",
      "d": "mockTitle",
      "dsu": "mockDrawStepsUrl",
      "et": "mockEndTime",
      "gsi1pk": "gsi1pkDrawing#2020-10",
      "gsi1sk": "gsi1skDrawing#2020-10-31T04:00:00.000Z",
      "gsi2pk": "gsi2pkDrawing#1",
      "gsi2sk": "gsi2skDrawing#public#2020-10-31T04:00:00.000Z",
      "he": 1000,
      "p": "2020-10-31T04:00:00.000Z",
      "pk": "drawing#4",
      "r": 2,
      "sk": "drawing#4",
      "st": "mockStartTime",
      "tu": "mockThumbnailUrl",
      "u": "1",
      "wi": 1000,
    },
    Object {
      "_ct": "2020-10-31T07:00:00.000Z",
      "_et": "drawing",
      "_md": "2020-10-31T07:00:00.000Z",
      "d": "mockTitle",
      "dsu": "mockDrawStepsUrl",
      "et": "mockEndTime",
      "gsi1pk": "gsi1pkDrawing#2020-10",
      "gsi1sk": "gsi1skDrawing#2020-10-31T07:00:00.000Z",
      "gsi2pk": "gsi2pkDrawing#2",
      "gsi2sk": "gsi2skDrawing#public#2020-10-31T07:00:00.000Z",
      "he": 1000,
      "p": "2020-10-31T07:00:00.000Z",
      "pk": "drawing#7",
      "r": 2,
      "sk": "drawing#7",
      "st": "mockStartTime",
      "tu": "mockThumbnailUrl",
      "u": "2",
      "wi": 1000,
    },
    Object {
      "_ct": "2020-10-31T06:00:00.000Z",
      "_et": "drawing",
      "_md": "2020-10-31T06:00:00.000Z",
      "d": "mockTitle",
      "dsu": "mockDrawStepsUrl",
      "et": "mockEndTime",
      "gsi1pk": "gsi1pkDrawing#2020-10",
      "gsi1sk": "gsi1skDrawing#2020-10-31T06:00:00.000Z",
      "gsi2pk": "gsi2pkDrawing#1",
      "gsi2sk": "gsi2skDrawing#public#2020-10-31T06:00:00.000Z",
      "he": 1000,
      "p": "2020-10-31T06:00:00.000Z",
      "pk": "drawing#6",
      "r": 2,
      "sk": "drawing#6",
      "st": "mockStartTime",
      "tu": "mockThumbnailUrl",
      "u": "1",
      "wi": 1000,
    },
    Object {
      "_ct": "2020-10-31T03:00:00.000Z",
      "_et": "drawing",
      "_md": "2020-10-31T03:00:00.000Z",
      "d": "mockTitle",
      "dsu": "mockDrawStepsUrl",
      "et": "mockEndTime",
      "gsi1pk": "gsi1pkDrawing#2020-10",
      "gsi1sk": "gsi1skDrawing#2020-10-31T03:00:00.000Z",
      "gsi2pk": "gsi2pkDrawing#2",
      "gsi2sk": "gsi2skDrawing#public#2020-10-31T03:00:00.000Z",
      "he": 1000,
      "p": "2020-10-31T03:00:00.000Z",
      "pk": "drawing#3",
      "r": 2,
      "sk": "drawing#3",
      "st": "mockStartTime",
      "tu": "mockThumbnailUrl",
      "u": "2",
      "wi": 1000,
    },
    Object {
      "_ct": "2020-11-10T00:00:00.000Z",
      "_et": "user",
      "_md": "2020-11-10T00:00:00.000Z",
      "dc": 0,
      "n": "mock user name 1",
      "pdc": 0,
      "pk": "user#1",
      "sk": "user#1",
    },
    Object {
      "_ct": "2020-10-31T01:00:00.000Z",
      "_et": "drawing",
      "_md": "2020-10-31T01:00:00.000Z",
      "d": "mockTitle",
      "dsu": "mockDrawStepsUrl",
      "et": "mockEndTime",
      "gsi1pk": "gsi1pkDrawing#2020-10",
      "gsi1sk": "gsi1skDrawing#2020-10-31T01:00:00.000Z",
      "gsi2pk": "gsi2pkDrawing#2",
      "gsi2sk": "gsi2skDrawing#public#2020-10-31T01:00:00.000Z",
      "he": 1000,
      "p": "2020-10-31T01:00:00.000Z",
      "pk": "drawing#1",
      "r": 2,
      "sk": "drawing#1",
      "st": "mockStartTime",
      "tu": "mockThumbnailUrl",
      "u": "2",
      "wi": 1000,
    },
  ],
  "ScannedCount": 12,
}
`;
